============================= test session starts =============================
platform win32 -- Python 3.14.2, pytest-9.0.2, pluggy-1.6.0
rootdir: C:\Users\kingm\Downloads\researchpaper\aging-aware-dnn-accelerator
plugins: anyio-4.12.1, hydra-core-1.3.2
collected 19 items

tests\test_accelerator_graph.py ss                                       [ 10%]
tests\test_aging_models.py ....                                          [ 31%]
tests\test_dataset.py F                                                  [ 36%]
tests\test_full_pipeline.py F                                            [ 42%]
tests\test_hybrid_model.py .F                                            [ 52%]
tests\test_nsga2.py ..                                                   [ 63%]
tests\test_rl_env.py F                                                   [ 68%]
tests\test_simulator.py ..                                               [ 78%]
tests\test_statistical_tests.py ...                                      [ 94%]
tests\test_trajectory_predictor.py .                                     [100%]

================================== FAILURES ===================================
_____________________________ test_aging_dataset ______________________________

    def test_aging_dataset():
        # Setup dummy directory
        root = Path("./temp_test_data")
    
        cfg = OmegaConf.create({
            'training': {
                'seq_len': 5
            }
        })
    
        # 1. Init empty
>       dataset = AgingDataset(root=str(root), split="test", size=10, config=cfg)
                  ^^^^^^^^^^^^^^^^^^^^^^^^^^^^^^^^^^^^^^^^^^^^^^^^^^^^^^^^^^^^^^^
E       TypeError: AgingDataset.__init__() got an unexpected keyword argument 'config'

tests\test_dataset.py:21: TypeError
__________________________ test_full_pipeline_smoke ___________________________

    def test_full_pipeline_smoke():
        # Execute the monolithic pipeline script
        # It incorporates very small batch sizes automatically for fast sanity checks
        cwd = Path(__file__).parent.parent.absolute()
    
        env = os.environ.copy()
        env["PYTHONPATH"] = str(cwd)
    
        result = subprocess.run(
            ["python", "scripts/run_full_pipeline.py"],
            cwd=cwd,
            env=env,
            capture_output=True,
            text=True
        )
    
        # Should not crash
>       assert result.returncode == 0, f"Pipeline execution failed:\nStdout: {result.stdout}\nStderr: {result.stderr}"
E       AssertionError: Pipeline execution failed:
E         Stdout: 
E         Stderr: Traceback (most recent call last):
E           File "C:\Users\kingm\Downloads\researchpaper\aging-aware-dnn-accelerator\scripts\run_full_pipeline.py", line 261, in <module>
E             main()
E             ~~~~^^
E           File "C:\Users\kingm\Downloads\researchpaper\aging-aware-dnn-accelerator\scripts\run_full_pipeline.py", line 169, in main
E             dataset = AgingDataset(root="./data", split="train", size=100, config=sim_cfg)
E         TypeError: AgingDataset.__init__() got an unexpected keyword argument 'config'
E         
E       assert 1 == 0
E        +  where 1 = CompletedProcess(args=['python', 'scripts/run_full_pipeline.py'], returncode=1, stdout='', stderr='Traceback (most rec...train", size=100, config=sim_cfg)\nTypeError: AgingDataset.__init__() got an unexpected keyword argument \'config\'\n').returncode

tests\test_full_pipeline.py:23: AssertionError
__________________________ test_trajectory_predictor __________________________

    def test_trajectory_predictor():
        base = HybridGNNTransformer(node_feature_dim=10, hidden_dim=32, seq_len=3)
        model = TrajectoryPredictor(gnn_encoder=base, horizon=5)
    
        # Dummy batched sequenced graph data
        # seq=3, N=8 nodes
        total_nodes = 3 * 8
        x = torch.rand((total_nodes, 10))
        # Full mesh intra-graph dummy (won't be physically accurate but works for shapes)
        edge_index = torch.randint(0, total_nodes, (2, 40))
    
>       out = model(x, edge_index)
              ^^^^^^^^^^^^^^^^^^^^

tests\test_hybrid_model.py:37: 
_ _ _ _ _ _ _ _ _ _ _ _ _ _ _ _ _ _ _ _ _ _ _ _ _ _ _ _ _ _ _ _ _ _ _ _ _ _ _ _
..\..\..\AppData\Local\Python\pythoncore-3.14-64\Lib\site-packages\torch\nn\modules\module.py:1776: in _wrapped_call_impl
    return self._call_impl(*args, **kwargs)
           ^^^^^^^^^^^^^^^^^^^^^^^^^^^^^^^^
..\..\..\AppData\Local\Python\pythoncore-3.14-64\Lib\site-packages\torch\nn\modules\module.py:1787: in _call_impl
    return forward_call(*args, **kwargs)
           ^^^^^^^^^^^^^^^^^^^^^^^^^^^^^
models\trajectory_predictor.py:33: in forward
    trajectory = self.traj_head(h)  # [N, horizon]
                 ^^^^^^^^^^^^^^^^^
..\..\..\AppData\Local\Python\pythoncore-3.14-64\Lib\site-packages\torch\nn\modules\module.py:1776: in _wrapped_call_impl
    return self._call_impl(*args, **kwargs)
           ^^^^^^^^^^^^^^^^^^^^^^^^^^^^^^^^
..\..\..\AppData\Local\Python\pythoncore-3.14-64\Lib\site-packages\torch\nn\modules\module.py:1787: in _call_impl
    return forward_call(*args, **kwargs)
           ^^^^^^^^^^^^^^^^^^^^^^^^^^^^^
..\..\..\AppData\Local\Python\pythoncore-3.14-64\Lib\site-packages\torch\nn\modules\container.py:253: in forward
    input = module(input)
            ^^^^^^^^^^^^^
..\..\..\AppData\Local\Python\pythoncore-3.14-64\Lib\site-packages\torch\nn\modules\module.py:1776: in _wrapped_call_impl
    return self._call_impl(*args, **kwargs)
           ^^^^^^^^^^^^^^^^^^^^^^^^^^^^^^^^
..\..\..\AppData\Local\Python\pythoncore-3.14-64\Lib\site-packages\torch\nn\modules\module.py:1787: in _call_impl
    return forward_call(*args, **kwargs)
           ^^^^^^^^^^^^^^^^^^^^^^^^^^^^^
_ _ _ _ _ _ _ _ _ _ _ _ _ _ _ _ _ _ _ _ _ _ _ _ _ _ _ _ _ _ _ _ _ _ _ _ _ _ _ _

self = Linear(in_features=256, out_features=128, bias=True)
input = tensor([[-1.7343e-01,  1.5885e+00,  9.2141e-01,  2.0473e+00, -7.9763e-01,
          1.7254e+00,  1.0023e+00, -1.2337e+...4e-01,  1.0206e+00,  1.5414e+00,  5.9812e-01,  1.7154e+00,
          9.9642e-01, -2.6983e-01]], grad_fn=<AddBackward0>)

    def forward(self, input: Tensor) -> Tensor:
        """
        Runs the forward pass.
        """
>       return F.linear(input, self.weight, self.bias)
               ^^^^^^^^^^^^^^^^^^^^^^^^^^^^^^^^^^^^^^^
E       RuntimeError: mat1 and mat2 shapes cannot be multiplied (24x32 and 256x128)

..\..\..\AppData\Local\Python\pythoncore-3.14-64\Lib\site-packages\torch\nn\modules\linear.py:134: RuntimeError
____________________________ test_gym_environment _____________________________

    def test_gym_environment():
        # Setup dependencies
        cfg = OmegaConf.create({
            'pe_array': [8, 8],
            'mac_clusters': 4,
            'sram_banks': 2,
            'noc_routers': 2,
            'horizon_length': 5,
            'workload_feature_dim': 16,
            'max_layers': 10
        })
    
        graph = AcceleratorGraph(cfg)
        graph.build()
    
        sim = TimeloopRunner(cfg)
        planner = LifetimePlanner(graph, cfg)
    
>       env = AgingControlEnv(cfg, sim, planner)
              ^^^^^^^^^^^^^^^^^^^^^^^^^^^^^^^^^^
E       TypeError: AgingControlEnv.__init__() missing 6 required positional arguments: 'aging_gen', 'acc_graph', 'encoder', 'trajectory_pred', 'feature_builder', and 'cfg'

tests\test_rl_env.py:29: TypeError
============================== warnings summary ===============================
..\..\..\AppData\Local\Python\pythoncore-3.14-64\Lib\site-packages\torch_geometric\llm\utils\backend_utils.py:26
  C:\Users\kingm\AppData\Local\Python\pythoncore-3.14-64\Lib\site-packages\torch_geometric\llm\utils\backend_utils.py:26: DeprecationWarning: `torch_geometric.distributed` has been deprecated since 2.7.0 and will no longer be maintained. For distributed training, refer to our tutorials on distributed training at https://pytorch-geometric.readthedocs.io/en/latest/tutorial/distributed.html or cuGraph examples at https://github.com/rapidsai/cugraph-gnn/tree/main/python/cugraph-pyg/cugraph_pyg/examples
    from torch_geometric.distributed import (

..\..\..\AppData\Local\Python\pythoncore-3.14-64\Lib\site-packages\torch\jit\_script.py:1474
..\..\..\AppData\Local\Python\pythoncore-3.14-64\Lib\site-packages\torch\jit\_script.py:1474
  C:\Users\kingm\AppData\Local\Python\pythoncore-3.14-64\Lib\site-packages\torch\jit\_script.py:1474: DeprecationWarning: `torch.jit.script` is not supported in Python 3.14+ and may break. Please switch to `torch.compile` or `torch.export`.
    warnings.warn(

tests/test_dataset.py::test_aging_dataset
  <frozen importlib._bootstrap>:491: DeprecationWarning: builtin type SwigPyPacked has no __module__ attribute

tests/test_dataset.py::test_aging_dataset
  <frozen importlib._bootstrap>:491: DeprecationWarning: builtin type SwigPyObject has no __module__ attribute

tests/test_hybrid_model.py: 82 warnings
  C:\Users\kingm\AppData\Local\Python\pythoncore-3.14-64\Lib\site-packages\torch_geometric\inspector.py:433: DeprecationWarning: Failing to pass a value to the 'type_params' parameter of 'typing._eval_type' is deprecated, as it leads to incorrect behaviour when calling typing._eval_type on a stringified annotation that references a PEP 695 type parameter. It will be disallowed in Python 3.15.
    return typing._eval_type(value, _globals, None)  # type: ignore

tests/test_hybrid_model.py::test_hybrid_gnn_transformer
tests/test_hybrid_model.py::test_trajectory_predictor
  C:\Users\kingm\Downloads\researchpaper\aging-aware-dnn-accelerator\models\hybrid_gnn_transformer.py:66: UserWarning: enable_nested_tensor is True, but self.use_nested_tensor is False because encoder_layer.self_attn.batch_first was not True(use batch_first for better inference performance)
    self.transformer = nn.TransformerEncoder(encoder_layer, num_layers=transformer_layers)

-- Docs: https://docs.pytest.org/en/stable/how-to/capture-warnings.html
=========================== short test summary info ===========================
FAILED tests/test_dataset.py::test_aging_dataset - TypeError: AgingDataset.__...
FAILED tests/test_full_pipeline.py::test_full_pipeline_smoke - AssertionError...
FAILED tests/test_hybrid_model.py::test_trajectory_predictor - RuntimeError: ...
FAILED tests/test_rl_env.py::test_gym_environment - TypeError: AgingControlEn...
============ 4 failed, 13 passed, 2 skipped, 89 warnings in 15.21s ============
pytest : <sys>:0: 
DeprecationWarning: 
builtin type 
swigvarlink has no 
__module__ attribute
At line:1 char:87
+ ... chpaper\aging-awa
re-dnn-accelerator"; 
pytest tests/ > 
pytest.log 2>&1
+                      
                     ~~
~~~~~~~~~~~~~~~~~~~~~~~
~~~~~~
    + CategoryInfo     
         : NotSpecifi  
  ed: (<sys>:0: Depr   
 ec...ule__ attribu    
te:String) [], Rem    
oteException
    + FullyQualifiedEr 
   rorId : NativeComm  
  andError
 
