============================= test session starts =============================
platform win32 -- Python 3.14.2, pytest-9.0.2, pluggy-1.6.0 -- C:\Users\kingm\AppData\Local\Python\pythoncore-3.14-64\python.exe
cachedir: .pytest_cache
rootdir: C:\Users\kingm\Downloads\researchpaper\aging-aware-dnn-accelerator
plugins: anyio-4.12.1
collecting ... collected 12 items / 1 error

=================================== ERRORS ====================================
____________________ ERROR collecting tests/test_rl_env.py ____________________
ImportError while importing test module 'C:\Users\kingm\Downloads\researchpaper\aging-aware-dnn-accelerator\tests\test_rl_env.py'.
Hint: make sure your test modules/packages have valid Python names.
Traceback:
..\..\..\AppData\Local\Python\pythoncore-3.14-64\Lib\importlib\__init__.py:88: in import_module
    return _bootstrap._gcd_import(name[level:], package, level)
           ^^^^^^^^^^^^^^^^^^^^^^^^^^^^^^^^^^^^^^^^^^^^^^^^^^^^
tests\test_rl_env.py:7: in <module>
    from rl.environment import AgingControlEnv
rl\environment.py:1: in <module>
    import gymnasium as gym
E   ModuleNotFoundError: No module named 'gymnasium'
============================== warnings summary ===============================
..\..\..\AppData\Local\Python\pythoncore-3.14-64\Lib\site-packages\torch_geometric\llm\utils\backend_utils.py:26
  C:\Users\kingm\AppData\Local\Python\pythoncore-3.14-64\Lib\site-packages\torch_geometric\llm\utils\backend_utils.py:26: DeprecationWarning: `torch_geometric.distributed` has been deprecated since 2.7.0 and will no longer be maintained. For distributed training, refer to our tutorials on distributed training at https://pytorch-geometric.readthedocs.io/en/latest/tutorial/distributed.html or cuGraph examples at https://github.com/rapidsai/cugraph-gnn/tree/main/python/cugraph-pyg/cugraph_pyg/examples
    from torch_geometric.distributed import (

..\..\..\AppData\Local\Python\pythoncore-3.14-64\Lib\site-packages\torch\jit\_script.py:1474
..\..\..\AppData\Local\Python\pythoncore-3.14-64\Lib\site-packages\torch\jit\_script.py:1474
  C:\Users\kingm\AppData\Local\Python\pythoncore-3.14-64\Lib\site-packages\torch\jit\_script.py:1474: DeprecationWarning: `torch.jit.script` is not supported in Python 3.14+ and may break. Please switch to `torch.compile` or `torch.export`.
    warnings.warn(

<frozen importlib._bootstrap>:491
  <frozen importlib._bootstrap>:491: DeprecationWarning: builtin type SwigPyPacked has no __module__ attribute

<frozen importlib._bootstrap>:491
  <frozen importlib._bootstrap>:491: DeprecationWarning: builtin type SwigPyObject has no __module__ attribute

-- Docs: https://docs.pytest.org/en/stable/how-to/capture-warnings.html
=========================== short test summary info ===========================
ERROR tests/test_rl_env.py
!!!!!!!!!!!!!!!!!!! Interrupted: 1 error during collection !!!!!!!!!!!!!!!!!!!!
======================== 5 warnings, 1 error in 5.29s =========================
